16 Apr 2026 16:29:40,413 admin - 172.19.0.1 - 172.19.0.1  INFO AssertLogger - SHOULD NOT CLOSE DATASESSION IN TRANSACTION

THREAD :Thread[#92,RMI:navigator, TID - (92),5,RMI Runtime]
	at lsfusion.base.ExceptionUtils.getStackTrace(ExceptionUtils.java:26)
	at lsfusion.server.base.controller.stack.ExecutionStackAspect.getExStackTrace(ExecutionStackAspect.java:434)
	at lsfusion.server.physics.admin.log.ServerLoggers.assertLog(ServerLoggers.java:100)
	at lsfusion.server.physics.admin.log.ServerLoggers.assertLog(ServerLoggers.java:93)
	at lsfusion.server.logics.action.session.DataSession.tryClose(DataSession.java:2677)
	at lsfusion.server.logics.action.session.DataSession.unregisterThreadStack(DataSession.java:2664)
	at lsfusion.server.logics.action.session.DataSession.close(DataSession.java:2745)
	at lsfusion.server.physics.admin.monitor.SystemEventsLogicsModule.logException(SystemEventsLogicsModule.java:333)
	at lsfusion.server.base.controller.remote.RemoteExceptionsAspect.logException(RemoteExceptionsAspect.java:65)
	at lsfusion.server.logics.navigator.controller.remote.RemoteNavigator.updateClientInfo_aroundBody17$advice(RemoteNavigator.java:48)
	at lsfusion.server.logics.navigator.controller.remote.RemoteNavigator.updateClientInfo_aroundBody18(RemoteNavigator.java:1)
	at lsfusion.server.logics.navigator.controller.remote.RemoteNavigator.updateClientInfo_aroundBody19$advice(RemoteNavigator.java:51)
	at lsfusion.server.logics.navigator.controller.remote.RemoteNavigator.updateClientInfo(RemoteNavigator.java:1)
	at java.base/jdk.internal.reflect.DirectMethodHandleAccessor.invoke(DirectMethodHandleAccessor.java:103)
	at java.base/java.lang.reflect.Method.invoke(Method.java:580)
	at java.rmi/sun.rmi.server.UnicastServerRef.dispatch(UnicastServerRef.java:360)
	at java.rmi/sun.rmi.transport.Transport$1.run(Transport.java:200)
	at java.rmi/sun.rmi.transport.Transport$1.run(Transport.java:197)
	at java.base/java.security.AccessController.doPrivileged(AccessController.java:714)
	at java.rmi/sun.rmi.transport.Transport.serviceCall(Transport.java:196)
	at java.rmi/sun.rmi.transport.tcp.TCPTransport.handleMessages(TCPTransport.java:598)
	at java.rmi/sun.rmi.transport.tcp.TCPTransport$ConnectionHandler.run0(TCPTransport.java:844)
	at java.rmi/sun.rmi.transport.tcp.TCPTransport$ConnectionHandler.lambda$run$0(TCPTransport.java:721)
	at java.base/java.security.AccessController.doPrivileged(AccessController.java:400)
	at java.rmi/sun.rmi.transport.tcp.TCPTransport$ConnectionHandler.run(TCPTransport.java:720)
	at java.base/java.util.concurrent.ThreadPoolExecutor.runWorker(ThreadPoolExecutor.java:1144)
	at java.base/java.util.concurrent.ThreadPoolExecutor$Worker.run(ThreadPoolExecutor.java:642)
	at java.base/java.lang.Thread.run(Thread.java:1583)

16 Apr 2026 16:29:41,026 admin - 172.19.0.1 - 172.19.0.1  INFO AssertLogger - SHOULD NOT CLOSE DATASESSION IN TRANSACTION

THREAD :Thread[#92,RMI:navigator, TID - (92),5,RMI Runtime]
	at lsfusion.base.ExceptionUtils.getStackTrace(ExceptionUtils.java:26)
	at lsfusion.server.base.controller.stack.ExecutionStackAspect.getExStackTrace(ExecutionStackAspect.java:434)
	at lsfusion.server.physics.admin.log.ServerLoggers.assertLog(ServerLoggers.java:100)
	at lsfusion.server.physics.admin.log.ServerLoggers.assertLog(ServerLoggers.java:93)
	at lsfusion.server.logics.action.session.DataSession.tryClose(DataSession.java:2677)
	at lsfusion.server.logics.action.session.DataSession.unregisterThreadStack(DataSession.java:2664)
	at lsfusion.server.logics.action.session.DataSession.close(DataSession.java:2745)
	at lsfusion.server.physics.admin.monitor.SystemEventsLogicsModule.logException(SystemEventsLogicsModule.java:333)
	at lsfusion.server.base.controller.remote.RemoteExceptionsAspect.logException(RemoteExceptionsAspect.java:65)
	at lsfusion.server.logics.navigator.controller.remote.RemoteNavigator.logClientException_aroundBody7$advice(RemoteNavigator.java:48)
	at lsfusion.server.logics.navigator.controller.remote.RemoteNavigator.logClientException_aroundBody8(RemoteNavigator.java:1)
	at lsfusion.server.logics.navigator.controller.remote.RemoteNavigator.logClientException_aroundBody9$advice(RemoteNavigator.java:51)
	at lsfusion.server.logics.navigator.controller.remote.RemoteNavigator.logClientException(RemoteNavigator.java:1)
	at java.base/jdk.internal.reflect.DirectMethodHandleAccessor.invoke(DirectMethodHandleAccessor.java:103)
	at java.base/java.lang.reflect.Method.invoke(Method.java:580)
	at java.rmi/sun.rmi.server.UnicastServerRef.dispatch(UnicastServerRef.java:360)
	at java.rmi/sun.rmi.transport.Transport$1.run(Transport.java:200)
	at java.rmi/sun.rmi.transport.Transport$1.run(Transport.java:197)
	at java.base/java.security.AccessController.doPrivileged(AccessController.java:714)
	at java.rmi/sun.rmi.transport.Transport.serviceCall(Transport.java:196)
	at java.rmi/sun.rmi.transport.tcp.TCPTransport.handleMessages(TCPTransport.java:598)
	at java.rmi/sun.rmi.transport.tcp.TCPTransport$ConnectionHandler.run0(TCPTransport.java:844)
	at java.rmi/sun.rmi.transport.tcp.TCPTransport$ConnectionHandler.lambda$run$0(TCPTransport.java:721)
	at java.base/java.security.AccessController.doPrivileged(AccessController.java:400)
	at java.rmi/sun.rmi.transport.tcp.TCPTransport$ConnectionHandler.run(TCPTransport.java:720)
	at java.base/java.util.concurrent.ThreadPoolExecutor.runWorker(ThreadPoolExecutor.java:1144)
	at java.base/java.util.concurrent.ThreadPoolExecutor$Worker.run(ThreadPoolExecutor.java:642)
	at java.base/java.lang.Thread.run(Thread.java:1583)

16 Apr 2026 16:29:57,510 system - system - system  INFO AssertLogger - SHOULD NOT CLOSE DATASESSION IN TRANSACTION

THREAD :Thread[#92,RMI:logics, TID - (92),5,RMI Runtime]
	at lsfusion.base.ExceptionUtils.getStackTrace(ExceptionUtils.java:26)
	at lsfusion.server.base.controller.stack.ExecutionStackAspect.getExStackTrace(ExecutionStackAspect.java:434)
	at lsfusion.server.physics.admin.log.ServerLoggers.assertLog(ServerLoggers.java:100)
	at lsfusion.server.physics.admin.log.ServerLoggers.assertLog(ServerLoggers.java:93)
	at lsfusion.server.logics.action.session.DataSession.tryClose(DataSession.java:2677)
	at lsfusion.server.logics.action.session.DataSession.unregisterThreadStack(DataSession.java:2664)
	at lsfusion.server.logics.action.session.DataSession.close(DataSession.java:2745)
	at lsfusion.server.physics.admin.monitor.SystemEventsLogicsModule.logException(SystemEventsLogicsModule.java:333)
	at lsfusion.server.base.controller.remote.RemoteExceptionsAspect.logException(RemoteExceptionsAspect.java:65)
	at lsfusion.server.logics.controller.remote.RemoteLogics.exec_aroundBody21$advice(RemoteLogics.java:48)
	at lsfusion.server.logics.controller.remote.RemoteLogics.exec_aroundBody22(RemoteLogics.java:1)
	at lsfusion.server.logics.controller.remote.RemoteLogics.exec_aroundBody23$advice(RemoteLogics.java:47)
	at lsfusion.server.logics.controller.remote.RemoteLogics.exec(RemoteLogics.java:1)
	at java.base/jdk.internal.reflect.DirectMethodHandleAccessor.invoke(DirectMethodHandleAccessor.java:103)
	at java.base/java.lang.reflect.Method.invoke(Method.java:580)
	at java.rmi/sun.rmi.server.UnicastServerRef.dispatch(UnicastServerRef.java:360)
	at java.rmi/sun.rmi.transport.Transport$1.run(Transport.java:200)
	at java.rmi/sun.rmi.transport.Transport$1.run(Transport.java:197)
	at java.base/java.security.AccessController.doPrivileged(AccessController.java:714)
	at java.rmi/sun.rmi.transport.Transport.serviceCall(Transport.java:196)
	at java.rmi/sun.rmi.transport.tcp.TCPTransport.handleMessages(TCPTransport.java:598)
	at java.rmi/sun.rmi.transport.tcp.TCPTransport$ConnectionHandler.run0(TCPTransport.java:844)
	at java.rmi/sun.rmi.transport.tcp.TCPTransport$ConnectionHandler.lambda$run$0(TCPTransport.java:721)
	at java.base/java.security.AccessController.doPrivileged(AccessController.java:400)
	at java.rmi/sun.rmi.transport.tcp.TCPTransport$ConnectionHandler.run(TCPTransport.java:720)
	at java.base/java.util.concurrent.ThreadPoolExecutor.runWorker(ThreadPoolExecutor.java:1144)
	at java.base/java.util.concurrent.ThreadPoolExecutor$Worker.run(ThreadPoolExecutor.java:642)
	at java.base/java.lang.Thread.run(Thread.java:1583)

16 Apr 2026 16:29:57,717 system - system - system  INFO AssertLogger - SHOULD NOT CLOSE DATASESSION IN TRANSACTION

THREAD :Thread[#92,RMI:logics, TID - (92),5,RMI Runtime]
	at lsfusion.base.ExceptionUtils.getStackTrace(ExceptionUtils.java:26)
	at lsfusion.server.base.controller.stack.ExecutionStackAspect.getExStackTrace(ExecutionStackAspect.java:434)
	at lsfusion.server.physics.admin.log.ServerLoggers.assertLog(ServerLoggers.java:100)
	at lsfusion.server.physics.admin.log.ServerLoggers.assertLog(ServerLoggers.java:93)
	at lsfusion.server.logics.action.session.DataSession.tryClose(DataSession.java:2677)
	at lsfusion.server.logics.action.session.DataSession.unregisterThreadStack(DataSession.java:2664)
	at lsfusion.server.logics.action.session.DataSession.close(DataSession.java:2745)
	at lsfusion.server.physics.admin.monitor.SystemEventsLogicsModule.logException(SystemEventsLogicsModule.java:333)
	at lsfusion.server.base.controller.remote.RemoteExceptionsAspect.logException(RemoteExceptionsAspect.java:65)
	at lsfusion.server.logics.controller.remote.RemoteLogics.createNavigator_aroundBody5$advice(RemoteLogics.java:48)
	at lsfusion.server.logics.controller.remote.RemoteLogics.createNavigator_aroundBody6(RemoteLogics.java:1)
	at lsfusion.server.logics.controller.remote.RemoteLogics.createNavigator_aroundBody7$advice(RemoteLogics.java:47)
	at lsfusion.server.logics.controller.remote.RemoteLogics.createNavigator(RemoteLogics.java:1)
	at java.base/jdk.internal.reflect.DirectMethodHandleAccessor.invoke(DirectMethodHandleAccessor.java:103)
	at java.base/java.lang.reflect.Method.invoke(Method.java:580)
	at java.rmi/sun.rmi.server.UnicastServerRef.dispatch(UnicastServerRef.java:360)
	at java.rmi/sun.rmi.transport.Transport$1.run(Transport.java:200)
	at java.rmi/sun.rmi.transport.Transport$1.run(Transport.java:197)
	at java.base/java.security.AccessController.doPrivileged(AccessController.java:714)
	at java.rmi/sun.rmi.transport.Transport.serviceCall(Transport.java:196)
	at java.rmi/sun.rmi.transport.tcp.TCPTransport.handleMessages(TCPTransport.java:598)
	at java.rmi/sun.rmi.transport.tcp.TCPTransport$ConnectionHandler.run0(TCPTransport.java:844)
	at java.rmi/sun.rmi.transport.tcp.TCPTransport$ConnectionHandler.lambda$run$0(TCPTransport.java:721)
	at java.base/java.security.AccessController.doPrivileged(AccessController.java:400)
	at java.rmi/sun.rmi.transport.tcp.TCPTransport$ConnectionHandler.run(TCPTransport.java:720)
	at java.base/java.util.concurrent.ThreadPoolExecutor.runWorker(ThreadPoolExecutor.java:1144)
	at java.base/java.util.concurrent.ThreadPoolExecutor$Worker.run(ThreadPoolExecutor.java:642)
	at java.base/java.lang.Thread.run(Thread.java:1583)

16 Apr 2026 17:53:43,820 admin - 172.19.0.1 - 172.19.0.1  INFO AssertLogger - SHOULD HAVE NO INVOCATION RESULT

THREAD :Thread[#130,pool-23-Question.view-pausable-daemon-1,5,RMI Runtime]
	at lsfusion.base.ExceptionUtils.getStackTrace(ExceptionUtils.java:26)
	at lsfusion.server.base.controller.stack.ExecutionStackAspect.getExStackTrace(ExecutionStackAspect.java:434)
	at lsfusion.server.physics.admin.log.ServerLoggers.assertLog(ServerLoggers.java:100)
	at lsfusion.server.physics.admin.log.ServerLoggers.assertLog(ServerLoggers.java:93)
	at lsfusion.server.base.controller.remote.ui.PausableInvocation.releaseMain(PausableInvocation.java:130)
	at lsfusion.server.base.controller.remote.ui.PausableInvocation.lambda$0(PausableInvocation.java:49)
	at java.base/java.util.concurrent.Executors$RunnableAdapter.call(Executors.java:572)
	at lsfusion.server.base.controller.thread.ExecutorFactory.lambda$3(ExecutorFactory.java:477)
	at lsfusion.server.base.controller.thread.WrappingExecutorService.lambda$0(WrappingExecutorService.java:35)
	at java.base/java.util.concurrent.Executors$RunnableAdapter.call(Executors.java:572)
	at java.base/java.util.concurrent.FutureTask.run(FutureTask.java:317)
	at java.base/java.util.concurrent.ThreadPoolExecutor.runWorker(ThreadPoolExecutor.java:1144)
	at java.base/java.util.concurrent.ThreadPoolExecutor$Worker.run(ThreadPoolExecutor.java:642)
	at java.base/java.lang.Thread.run(Thread.java:1583)
	at lsfusion.server.base.controller.thread.ExecutorFactory$ClosableDaemonThreadFactory$ClosableThread.run(ExecutorFactory.java:627)

