16 Apr 2026 16:19:33,548 system - system - system ERROR SQLLogger - EnsureDB error: 
org.postgresql.util.PSQLException: Подсоединение по адресу db:5432 отклонено. Проверьте что хост и порт указаны правильно и что postmaster принимает TCP/IP-подсоединения.
	at org.postgresql.core.v3.ConnectionFactoryImpl.openConnectionImpl(ConnectionFactoryImpl.java:346)
	at org.postgresql.core.ConnectionFactory.openConnection(ConnectionFactory.java:54)
	at org.postgresql.jdbc.PgConnection.<init>(PgConnection.java:273)
	at org.postgresql.Driver.makeConnection(Driver.java:446)
	at org.postgresql.Driver.connect(Driver.java:298)
	at java.sql/java.sql.DriverManager.getConnection(DriverManager.java:683)
	at java.sql/java.sql.DriverManager.getConnection(DriverManager.java:253)
	at lsfusion.server.data.sql.adapter.PostgreDataAdapter.getConnection(PostgreDataAdapter.java:73)
	at lsfusion.server.data.sql.adapter.PostgreDataAdapter.ensureDB(PostgreDataAdapter.java:90)
	at lsfusion.server.data.sql.adapter.DataAdapter.ensureDBConnection(DataAdapter.java:70)
	at lsfusion.server.physics.exec.db.controller.manager.DBManager.lambda$2(DBManager.java:258)
	at lsfusion.server.physics.exec.db.table.ImplementTable.reflectionStatProps(ImplementTable.java:515)
	at lsfusion.server.physics.exec.db.controller.manager.DBManager.initReflectionEvents(DBManager.java:252)
	at lsfusion.server.physics.admin.reflection.controller.init.InitReflectionEventsTask.run(InitReflectionEventsTask.java:13)
	at lsfusion.server.base.task.Task.lambda$1(Task.java:151)
	at lsfusion.server.base.controller.thread.ExecutorFactory.lambda$0(ExecutorFactory.java:183)
	at lsfusion.base.BaseUtils.executeWithTimeout(BaseUtils.java:2323)
	at lsfusion.server.base.controller.thread.ExecutorFactory.executeWithTimeout(ExecutorFactory.java:180)
	at lsfusion.server.base.task.Task.proceed(Task.java:150)
	at lsfusion.server.base.task.Task$1.aspectRun(Task.java:107)
	at lsfusion.server.base.controller.thread.ExecutorFactory$AspectRunnable.run(ExecutorFactory.java:510)
	at java.base/java.util.concurrent.ThreadPoolExecutor.runWorker(ThreadPoolExecutor.java:1144)
	at java.base/java.util.concurrent.ThreadPoolExecutor$Worker.run(ThreadPoolExecutor.java:642)
	at java.base/java.lang.Thread.run(Thread.java:1583)
	at lsfusion.server.base.controller.thread.ExecutorFactory$ClosableDaemonThreadFactory$ClosableThread.run(ExecutorFactory.java:627)
Caused by: java.net.ConnectException: Connection refused
	at java.base/sun.nio.ch.Net.pollConnect(Native Method)
	at java.base/sun.nio.ch.Net.pollConnectNow(Net.java:694)
	at java.base/sun.nio.ch.NioSocketImpl.timedFinishConnect(NioSocketImpl.java:542)
	at java.base/sun.nio.ch.NioSocketImpl.connect(NioSocketImpl.java:592)
	at java.base/java.net.SocksSocketImpl.connect(SocksSocketImpl.java:327)
	at java.base/java.net.Socket.connect(Socket.java:751)
	at org.postgresql.core.PGStream.createSocket(PGStream.java:243)
	at org.postgresql.core.PGStream.<init>(PGStream.java:98)
	at org.postgresql.core.v3.ConnectionFactoryImpl.tryConnect(ConnectionFactoryImpl.java:136)
	at org.postgresql.core.v3.ConnectionFactoryImpl.openConnectionImpl(ConnectionFactoryImpl.java:262)
	... 24 more
16 Apr 2026 16:19:34,560 system - system - system ERROR SQLLogger - EnsureDB error: 
org.postgresql.util.PSQLException: Подсоединение по адресу db:5432 отклонено. Проверьте что хост и порт указаны правильно и что postmaster принимает TCP/IP-подсоединения.
	at org.postgresql.core.v3.ConnectionFactoryImpl.openConnectionImpl(ConnectionFactoryImpl.java:346)
	at org.postgresql.core.ConnectionFactory.openConnection(ConnectionFactory.java:54)
	at org.postgresql.jdbc.PgConnection.<init>(PgConnection.java:273)
	at org.postgresql.Driver.makeConnection(Driver.java:446)
	at org.postgresql.Driver.connect(Driver.java:298)
	at java.sql/java.sql.DriverManager.getConnection(DriverManager.java:683)
	at java.sql/java.sql.DriverManager.getConnection(DriverManager.java:253)
	at lsfusion.server.data.sql.adapter.PostgreDataAdapter.getConnection(PostgreDataAdapter.java:73)
	at lsfusion.server.data.sql.adapter.PostgreDataAdapter.ensureDB(PostgreDataAdapter.java:90)
	at lsfusion.server.data.sql.adapter.DataAdapter.ensureDBConnection(DataAdapter.java:70)
	at lsfusion.server.physics.exec.db.controller.manager.DBManager.lambda$2(DBManager.java:258)
	at lsfusion.server.physics.exec.db.table.ImplementTable.reflectionStatProps(ImplementTable.java:515)
	at lsfusion.server.physics.exec.db.controller.manager.DBManager.initReflectionEvents(DBManager.java:252)
	at lsfusion.server.physics.admin.reflection.controller.init.InitReflectionEventsTask.run(InitReflectionEventsTask.java:13)
	at lsfusion.server.base.task.Task.lambda$1(Task.java:151)
	at lsfusion.server.base.controller.thread.ExecutorFactory.lambda$0(ExecutorFactory.java:183)
	at lsfusion.base.BaseUtils.executeWithTimeout(BaseUtils.java:2323)
	at lsfusion.server.base.controller.thread.ExecutorFactory.executeWithTimeout(ExecutorFactory.java:180)
	at lsfusion.server.base.task.Task.proceed(Task.java:150)
	at lsfusion.server.base.task.Task$1.aspectRun(Task.java:107)
	at lsfusion.server.base.controller.thread.ExecutorFactory$AspectRunnable.run(ExecutorFactory.java:510)
	at java.base/java.util.concurrent.ThreadPoolExecutor.runWorker(ThreadPoolExecutor.java:1144)
	at java.base/java.util.concurrent.ThreadPoolExecutor$Worker.run(ThreadPoolExecutor.java:642)
	at java.base/java.lang.Thread.run(Thread.java:1583)
	at lsfusion.server.base.controller.thread.ExecutorFactory$ClosableDaemonThreadFactory$ClosableThread.run(ExecutorFactory.java:627)
Caused by: java.net.ConnectException: Connection refused
	at java.base/sun.nio.ch.Net.pollConnect(Native Method)
	at java.base/sun.nio.ch.Net.pollConnectNow(Net.java:694)
	at java.base/sun.nio.ch.NioSocketImpl.timedFinishConnect(NioSocketImpl.java:542)
	at java.base/sun.nio.ch.NioSocketImpl.connect(NioSocketImpl.java:592)
	at java.base/java.net.SocksSocketImpl.connect(SocksSocketImpl.java:327)
	at java.base/java.net.Socket.connect(Socket.java:751)
	at org.postgresql.core.PGStream.createSocket(PGStream.java:243)
	at org.postgresql.core.PGStream.<init>(PGStream.java:98)
	at org.postgresql.core.v3.ConnectionFactoryImpl.tryConnect(ConnectionFactoryImpl.java:136)
	at org.postgresql.core.v3.ConnectionFactoryImpl.openConnectionImpl(ConnectionFactoryImpl.java:262)
	... 24 more
16 Apr 2026 16:19:35,567 system - system - system ERROR SQLLogger - EnsureDB error: 
org.postgresql.util.PSQLException: Подсоединение по адресу db:5432 отклонено. Проверьте что хост и порт указаны правильно и что postmaster принимает TCP/IP-подсоединения.
	at org.postgresql.core.v3.ConnectionFactoryImpl.openConnectionImpl(ConnectionFactoryImpl.java:346)
	at org.postgresql.core.ConnectionFactory.openConnection(ConnectionFactory.java:54)
	at org.postgresql.jdbc.PgConnection.<init>(PgConnection.java:273)
	at org.postgresql.Driver.makeConnection(Driver.java:446)
	at org.postgresql.Driver.connect(Driver.java:298)
	at java.sql/java.sql.DriverManager.getConnection(DriverManager.java:683)
	at java.sql/java.sql.DriverManager.getConnection(DriverManager.java:253)
	at lsfusion.server.data.sql.adapter.PostgreDataAdapter.getConnection(PostgreDataAdapter.java:73)
	at lsfusion.server.data.sql.adapter.PostgreDataAdapter.ensureDB(PostgreDataAdapter.java:90)
	at lsfusion.server.data.sql.adapter.DataAdapter.ensureDBConnection(DataAdapter.java:70)
	at lsfusion.server.physics.exec.db.controller.manager.DBManager.lambda$2(DBManager.java:258)
	at lsfusion.server.physics.exec.db.table.ImplementTable.reflectionStatProps(ImplementTable.java:515)
	at lsfusion.server.physics.exec.db.controller.manager.DBManager.initReflectionEvents(DBManager.java:252)
	at lsfusion.server.physics.admin.reflection.controller.init.InitReflectionEventsTask.run(InitReflectionEventsTask.java:13)
	at lsfusion.server.base.task.Task.lambda$1(Task.java:151)
	at lsfusion.server.base.controller.thread.ExecutorFactory.lambda$0(ExecutorFactory.java:183)
	at lsfusion.base.BaseUtils.executeWithTimeout(BaseUtils.java:2323)
	at lsfusion.server.base.controller.thread.ExecutorFactory.executeWithTimeout(ExecutorFactory.java:180)
	at lsfusion.server.base.task.Task.proceed(Task.java:150)
	at lsfusion.server.base.task.Task$1.aspectRun(Task.java:107)
	at lsfusion.server.base.controller.thread.ExecutorFactory$AspectRunnable.run(ExecutorFactory.java:510)
	at java.base/java.util.concurrent.ThreadPoolExecutor.runWorker(ThreadPoolExecutor.java:1144)
	at java.base/java.util.concurrent.ThreadPoolExecutor$Worker.run(ThreadPoolExecutor.java:642)
	at java.base/java.lang.Thread.run(Thread.java:1583)
	at lsfusion.server.base.controller.thread.ExecutorFactory$ClosableDaemonThreadFactory$ClosableThread.run(ExecutorFactory.java:627)
Caused by: java.net.ConnectException: Connection refused
	at java.base/sun.nio.ch.Net.pollConnect(Native Method)
	at java.base/sun.nio.ch.Net.pollConnectNow(Net.java:694)
	at java.base/sun.nio.ch.NioSocketImpl.timedFinishConnect(NioSocketImpl.java:542)
	at java.base/sun.nio.ch.NioSocketImpl.connect(NioSocketImpl.java:592)
	at java.base/java.net.SocksSocketImpl.connect(SocksSocketImpl.java:327)
	at java.base/java.net.Socket.connect(Socket.java:751)
	at org.postgresql.core.PGStream.createSocket(PGStream.java:243)
	at org.postgresql.core.PGStream.<init>(PGStream.java:98)
	at org.postgresql.core.v3.ConnectionFactoryImpl.tryConnect(ConnectionFactoryImpl.java:136)
	at org.postgresql.core.v3.ConnectionFactoryImpl.openConnectionImpl(ConnectionFactoryImpl.java:262)
	... 24 more
16 Apr 2026 16:29:40,386 admin - 172.19.0.1 - 172.19.0.1 ERROR SQLLogger - org.postgresql.jdbc.PgStatement@423fbf32
16 Apr 2026 17:53:43,796 admin - 172.19.0.1 - 172.19.0.1 ERROR SQLLogger - Failed to interrupt process Thread[#130,pool-23-Question.view-pausable-daemon-1,5,RMI Runtime]: no private connection found
16 Apr 2026 22:21:59,795 system - system - system ERROR SQLLogger - Too long getConnection : timeout - 1000, actual time - 3407
